// Jest Snapshot v1, https://goo.gl/fbAQLP

exports[`renders colors correctly 1`] = `
<Button
  btn="raised small action sharp"
  className=""
  style={Object {}}
>
  <button
    className=""
    data-btn="raised small action sharp"
    style={Object {}}
  >
    Done
  </button>
</Button>
`;
